{
  "id": "@integer@",
  "firstName": "New name",
  "lastName": "New lastName",
  "countryCode": "GB",
  "street": "New street",
  "city": "New city",
  "postcode": "2000",
  "provinceName": "Wales",
  "provinceCode": "GB-WLS",
  "company": "Locastic",
  "phoneNumber": "0918972132",
  "default": false
}
