{
  "code": 500,
  "message": "Province does not exist."
}
