{
  "code": 400,
  "message": "Validation failed",
  "errors": {
    "firstName": [
      "@string@"
    ],
    "lastName": [
      "@string@"
    ],
    "countryCode": [
      "@string@"
    ],
    "street": [
      "@string@"
    ],
    "city": [
      "@string@"
    ],
    "postcode": [
      "@string@"
    ]
  }
}