{
  "code": 400,
  "message": "Validation failed",
  "errors": {
    "countryCode": [
      "Country does not exist."
    ]
  }
}
