{
    "items": [
        {
            "channel": "WEB_GB",
            "currency": "GBP",
            "locale": "en_GB",
            "checkoutState": "completed",
            "number": @string@,
            "items": [
                {
                    "id": @integer@,
                    "quantity": 2,
                    "total": 3998,
                    "product": {
                        "code": "LOGAN_MUG_CODE",
                        "name": "Logan Mug",
                        "slug": "logan-mug",
                        "variants": [
                            {
                                "code": "LOGAN_MUG_CODE",
                                "name": "Logan Mug",
                                "price": {
                                    "current": 1999,
                                    "currency": "GBP"
                                }
                            }
                        ],
                        "images": [
                            {
                                "code": "thumbnail",
                                "path": "\/uo\/mug.jpg"
                            }
                        ],
                        "_links": {
                            "self": {
                                "href": "\/shop-api\/products-by-slug\/logan-mug"
                            }
                        }
                    }
                }
            ],
            "totals": {
                "total": 34953495,
                "items": 3998,
                "taxes": 0,
                "shipping": 1500,
                "promotion": 0
            },
            "shippingAddress": {
                "firstName": "Jeanie",
                "lastName": "Metz",
                "company": "Sylius",
                "countryCode": "GB",
                "street": "McGlynn Island",
                "city": "Klingside",
                "postcode": "33553",
                "provinceName": "Scotland"
            },
            "billingAddress": {
                "firstName": "Jeanie",
                "lastName": "Metz",
                "company": "Locastic",
                "countryCode": "GB",
                "street": "Kupreska",
                "city": "Klingside",
                "postcode": "33553",
                "provinceName": "Greater London"
            },
            "payments": [
                {
                    "state": "cart",
                    "method": {
                        "code": "PBC",
                        "name": "Pay by check",
                        "description": "@string@"
                    },
                    "price": {
                        "current": 3495,
                        "currency": "GBP"
                    }
                }
            ],
            "shipments": [
                {
                    "state": "cart",
                    "method": {
                        "code": "DHL",
                        "name": "DHL",
                        "description": "@string@",
                        "price": {
                            "current": 1500,
                            "currency": "GBP"
                        }
                    }
                }
            ]
        }
//        {
//            "channel": "WEB_GB",
//            "currency": "GBP",
//            "locale": "en_GB",
//            "checkoutState": "completed",
//            "number": @string@,
//            "items": [
//                {
//                    "id": @integer@,
//                    "quantity": 1,
//                    "total": 1999,
//                    "product": {
//                        "code": "LOGAN_T_SHIRT_CODE",
//                        "name": "Logan T-Shirt",
//                        "slug": "logan-t-shirt",
//                        "variants": [
//                            {
//                                "code": "SMALL_LOGAN_T_SHIRT_CODE",
//                                "name": "Small Logan T-Shirt",
//                                "price": {
//                                    "current": 1999,
//                                    "currency": "GBP"
//                                }
//                            }
//                        ],
//                        "images": [
//                            {
//                                "code": "thumbnail",
//                                "path": "\/uo\/small-tshirt.jpg"
//                            }
//                        ],
//                        "_links": {
//                            "self": {
//                                "href": "\/shop-api\/products-by-slug\/logan-tshirt"
//                            }
//                        }
//                    }
//                }
//            ],
//            "totals": {
//                "total": 3495,
//                "items": 1999,
//                "taxes": 0,
//                "shipping": 1500,
//                "promotion": 0
//            },
//            "shippingAddress": {
//                "firstName": "Jeanie",
//                "lastName": "Metz",
//                "company": "Sylius",
//                "countryCode": "GB",
//                "street": "McGlynn Island",
//                "city": "Klingside",
//                "postcode": "33553",
//                "provinceName": "Scotland"
//            },
//            "billingAddress": {
//                "firstName": "Jeanie",
//                "lastName": "Metz",
//                "company": "Locastic",
//                "countryCode": "GB",
//                "street": "Kupreska",
//                "city": "Klingside",
//                "postcode": "33553",
//                "provinceName": "Greater London"
//            },
//            "payments": [
//                {
//                    "state": "cart",
//                    "method": {
//                        "code": "PBC",
//                        "name": "Pay by check",
//                        "description": "@string@"
//                    },
//                    "price": {
//                        "current": 3495,
//                        "currency": "GBP"
//                    }
//                }
//            ],
//            "shipments": [
//                {
//                    "state": "cart",
//                    "method": {
//                        "code": "DHL",
//                        "name": "DHL",
//                        "description": "@string@",
//                        "price": {
//                            "current": 1500,
//                            "currency": "GBP"
//                        }
//                    }
//                }
//            ]
//        }
    ]
}
