{
    "code": 404,
    "message": "There is no placed order with with id 13 for customer with email oliver@queen.com"
}
