{
    "code": "LOGAN_MUG_CODE",
    "name": "Logan Becher",
    "slug": "logan-becher",
    "taxons": [
        "CATEGORY",
        "MUG"
    ],
    "variants": {
        "LOGAN_MUG_CODE": {
            "code": "LOGAN_MUG_CODE",
            "name": "Logan Becher",
            "axis": [],
            "name_axis": {},
            "price": {
                "current": 1999
            },
            "images": [
                {
                    "code": "thumbnail",
                    "url": "http:\/\/localhost\/media\/cache\/resolve\/sylius_small\/uo\/mug.jpg"
                }
            ],
            "applied_promotions": []
        }
    },
    "attributes": [],
    "associations": [],
    "images": [
        {
            "code": "thumbnail",
            "url": "http:\/\/localhost\/media\/cache\/resolve\/sylius_small\/uo\/mug.jpg"
        }
    ],
    "_links": {
        "self": {
            "href": "\/shop-api\/products\/logan-becher"
        }
    }
}
