{
    "id": 1,
    "code": "LOGAN_HAT_CODE",
    "name": "Logan Hat",
    "slug": "logan-hat",
    "prices": {
        "HAT_SIZE_S": {
            "BLUE": {
                "value": 1999
            },
            "RED": {
                "value": 1999
            }
        },
        "HAT_SIZE_L": {
            "BLUE": {
                "value": 2999
            },
            "RED": {
                "value": 2999
            }
        }
    },
    "images": [
        {
            "code": "thumbnail",
            "url": {
                "http": "http://sylius.demo/img/mug.jpg"
            }
        }
    ],
    "options": [
        {
            "code": "HAT_SIZE",
            "name": "size",
            "values": {
                "HAT_SIZE_S": {
                    "value": "Size S"
                },
                "HAT_SIZE_L": {
                    "value": "Size L"
                }
            }
        },
        {
            "code": "HAT_COLOR",
            "name": "color",
            "values": {
                "HAT_COLOR_RED": {
                    "value": "Color Red"
                },
                "HAT_COLOR_BLUE": {
                    "value": "Color Blue"
                }
            }
        }
    ],
    "_links": {
        "self": {
            "href": "\/shop-api\/v1\/products\/logan-hat"
        },
        "variants": {
            "href": "\/shop-api\/v1\/products\/logan-hat\/variants\/"
        }
    }
}
