{
    "code": "LOGAN_T_SHIRT_CODE",
    "name": "Logan T-Shirt",
    "slug": "logan-t-shirt",
    "averageRating": 0,
    "taxons": {
        "T_SHIRTS": {
            "code": "CATEGORY",
            "name": "Categories",
            "slug": "categories",
            "description": "@string@",
            "position": 0,
            "children": [
                {
                    "code": "T_SHIRTS",
                    "name": "T-Shirts",
                    "slug": "t-shirts",
                    "description": "@string@",
                    "position": 2,
                    "children": [],
                    "images": [
                        {
                            "code": "thumbnail",
                            "path": "\/uo\/t-shirt.jpg"
                        }
                    ]
                }
            ],
            "images": []
        },
        "BRAND": {
            "code": "BRAND",
            "name": "Brands",
            "slug": "brands",
            "description": "@string@",
            "position": 1,
            "children": [],
            "images": []
        }
    },
    "variants": {
        "SMALL_LOGAN_T_SHIRT_CODE": {
            "code": "SMALL_LOGAN_T_SHIRT_CODE",
            "name": "Small Logan T-Shirt",
            "axis": [],
            "nameAxis": {},
            "price": {
                "current": 1999
            },
            "images": [
                {
                    "code": "thumbnail",
                    "path": "\/uo\/samll-tshirt.jpg"
                }
            ],
            "appliedPromotions": []
        },
        "LARGE_LOGAN_T_SHIRT_CODE": {
            "code": "LARGE_LOGAN_T_SHIRT_CODE",
            "name": "Large Logan T-Shirt",
            "axis": [],
            "nameAxis": {},
            "price": {
                "current": 2999
            },
            "images": [
                {
                    "code": "thumbnail",
                    "path": "\/uo\/large-tshirt.jpg"
                }
            ],
            "appliedPromotions": []
        }
    },
    "attributes": [],
    "associations": [],
    "images": [
        {
            "code": "thumbnail",
            "path": "\/uo\/tshirt.jpg"
        },
        {
            "code": "thumbnail",
            "path": "\/uo\/samll-tshirt.jpg"
        },
        {
            "code": "thumbnail",
            "path": "\/uo\/large-tshirt.jpg"
        }
    ],
    "_links": {
        "self": {
            "href": "\/shop-api\/products\/logan-t-shirt"
        }
    }
}
