{
    "page": 1,
    "limit": 10,
    "pages": 1,
    "total": 3,
    "_links": {
        "self": "\/shop-api\/taxons\/categories\/products\/?page=1&limit=10",
        "first": "\/shop-api\/taxons\/categories\/products\/?page=1&limit=10",
        "last": "\/shop-api\/taxons\/categories\/products\/?page=1&limit=10",
        "next": "\/shop-api\/taxons\/categories\/products\/?page=1&limit=10"
    },
    "items": [
        {
            "code": "LOGAN_MUG_CODE",
            "name": "Logan Mug",
            "slug": "logan-mug",
            "taxons": [
                "CATEGORY",
                "MUG"
            ],
            "variants": {
                "LOGAN_MUG_CODE": {
                    "code": "LOGAN_MUG_CODE",
                    "name": "Logan Mug",
                    "axis": [],
                    "name_axis": {},
                    "price": {
                        "current": 1999
                    },
                    "images": [
                        {
                            "code": "thumbnail",
                            "path": "\/uo\/mug.jpg"
                        }
                    ],
                    "applied_promotions": []
                }
            },
            "attributes": [],
            "associations": [],
            "images": [
                {
                    "code": "thumbnail",
                    "path": "\/uo\/mug.jpg"
                }
            ],
            "_links": {
                "self": {
                    "href": "\/shop-api\/products\/logan-mug"
                }
            }
        },
        {
            "code": "LOGAN_T_SHIRT_CODE",
            "name": "Logan T-Shirt",
            "slug": "logan-t-shirt",
            "taxons": [
                "CATEGORY",
                "T_SHIRTS"
            ],
            "variants": {
                "SMALL_LOGAN_T_SHIRT_CODE": {
                    "code": "SMALL_LOGAN_T_SHIRT_CODE",
                    "name": "Small Logan T-Shirt",
                    "axis": [],
                    "name_axis": {},
                    "price": {
                        "current": 1999
                    },
                    "images": [
                        {
                            "code": "thumbnail",
                            "path": "\/uo\/samll-tshirt.jpg"
                        }
                    ],
                    "applied_promotions": []
                },
                "LARGE_LOGAN_T_SHIRT_CODE": {
                    "code": "LARGE_LOGAN_T_SHIRT_CODE",
                    "name": "Large Logan T-Shirt",
                    "axis": [],
                    "name_axis": {},
                    "price": {
                        "current": 2999
                    },
                    "images": [
                        {
                            "code": "thumbnail",
                            "path": "\/uo\/large-tshirt.jpg"
                        }
                    ],
                    "applied_promotions": []
                }
            },
            "attributes": [],
            "associations": [],
            "images": [
                {
                    "code": "thumbnail",
                    "path": "\/uo\/tshirt.jpg"
                },
                {
                    "code": "thumbnail",
                    "path": "\/uo\/samll-tshirt.jpg"
                },
                {
                    "code": "thumbnail",
                    "path": "\/uo\/large-tshirt.jpg"
                }
            ],
            "_links": {
                "self": {
                    "href": "\/shop-api\/products\/logan-t-shirt"
                }
            }
        },
        {
            "code": "LOGAN_HAT_CODE",
            "name": "Logan Hat",
            "slug": "logan-hat",
            "taxons": [
                "CATEGORY",
                "HAT"
            ],
            "variants": {
                "SMALL_RED_LOGAN_HAT_CODE": {
                    "code": "SMALL_RED_LOGAN_HAT_CODE",
                    "name": "Small Red Logan Hat",
                    "axis": [
                        "HAT_SIZE_S",
                        "HAT_COLOR_RED"
                    ],
                    "name_axis": {
                        "HAT_SIZE_S": "Size S",
                        "HAT_COLOR_RED": "Color Red"
                    },
                    "price": {
                        "current": 500
                    },
                    "images": [],
                    "applied_promotions": []
                },
                "LARGE_RED_LOGAN_HAT_CODE": {
                    "code": "LARGE_RED_LOGAN_HAT_CODE",
                    "name": "Large Red Logan Hat",
                    "axis": [
                        "HAT_SIZE_L",
                        "HAT_COLOR_RED"
                    ],
                    "name_axis": {
                        "HAT_SIZE_L": "Size L",
                        "HAT_COLOR_RED": "Color Red"
                    },
                    "price": {
                        "current": 999
                    },
                    "images": [],
                    "applied_promotions": []
                },
                "SMALL_BLUE_LOGAN_HAT_CODE": {
                    "code": "SMALL_BLUE_LOGAN_HAT_CODE",
                    "name": "Small Blue Logan Hat",
                    "axis": [
                        "HAT_SIZE_S",
                        "HAT_COLOR_BLUE"
                    ],
                    "name_axis": {
                        "HAT_SIZE_S": "Size S",
                        "HAT_COLOR_BLUE": "Color Blue"
                    },
                    "price": {
                        "current": 1500
                    },
                    "images": [],
                    "applied_promotions": []
                },
                "LARGE_BLUE_LOGAN_HAT_CODE": {
                    "code": "LARGE_BLUE_LOGAN_HAT_CODE",
                    "name": "Large Blue Logan Hat",
                    "axis": [
                        "HAT_SIZE_L",
                        "HAT_COLOR_BLUE"
                    ],
                    "name_axis": {
                        "HAT_SIZE_L": "Size L",
                        "HAT_COLOR_BLUE": "Color Blue"
                    },
                    "price": {
                        "current": 2599
                    },
                    "images": [],
                    "applied_promotions": []
                }
            },
            "attributes": [],
            "associations": [],
            "images": [],
            "_links": {
                "self": {
                    "href": "\/shop-api\/products\/logan-hat"
                }
            }
        }
    ]
}
