{
    "code": 404,
    "message": "Cart with given id does not exists"
}
