{
    "code": 404,
    "message": "Cart item with given id does not exists"
}
