{
    "price": {
        "current": 500,
        "currency": "GBP"
    }
}
