{
    "price": {
        "current": 1500,
        "currency": "GBP"
    }
}
