{
    "tokenValue": "SDAOSLEFNWU35H3QLI5325",
    "channel": "WEB_GB",
    "currency": "GBP",
    "locale": "en_GB",
    "checkoutState": "cart",
    "items": [
        {
            "id": 1,
            "quantity": 3,
            "total": 5997,
            "product": {
                "code": "LOGAN_T_SHIRT_CODE",
                "name": "Logan T-Shirt",
                "slug": "logan-t-shirt",
                "taxons": {
                    "T_SHIRTS": {
                        "code": "CATEGORY",
                        "name": "Categories",
                        "slug": "categories",
                        "description": "@string@",
                        "position": 0,
                        "children": [
                            {
                                "code": "T_SHIRTS",
                                "name": "T-Shirts",
                                "slug": "t-shirts",
                                "description": "@string@",
                                "position": 2,
                                "children": [],
                                "images": [
                                    {
                                        "code": "thumbnail",
                                        "path": "\/uo\/t-shirt.jpg"
                                    }
                                ]
                            }
                        ],
                        "images": []
                    },
                    "BRAND": {
                        "code": "BRAND",
                        "name": "Brands",
                        "slug": "brands",
                        "description": "@string@",
                        "position": 1,
                        "children": [],
                        "images": []
                    }
                },
                "variants": [
                    {
                        "code": "SMALL_LOGAN_T_SHIRT_CODE",
                        "name": "Small Logan T-Shirt",
                        "axis": [],
                        "nameAxis": {},
                        "price": {
                            "current": 1999
                        },
                        "images": [],
                        "appliedPromotions": []
                    }
                ],
                "attributes": [],
                "associations": [],
                "images": [
                    {
                        "code": "thumbnail",
                        "path": "\/uo\/tshirt.jpg"
                    },
                    {
                        "code": "thumbnail",
                        "path": "\/uo\/samll-tshirt.jpg"
                    },
                    {
                        "code": "thumbnail",
                        "path": "\/uo\/large-tshirt.jpg"
                    }
                ],
                "_links": {
                    "self": {
                        "href": "\/shop-api\/products\/logan-t-shirt"
                    }
                }
            }
        },
        {
            "id": 2,
            "quantity": 3,
            "total": 1500,
            "product": {
                "code": "LOGAN_HAT_CODE",
                "name": "Logan Hat",
                "slug": "logan-hat",
                "taxons": {
                    "HAT": {
                        "code": "CATEGORY",
                        "name": "Categories",
                        "slug": "categories",
                        "description": "@string@",
                        "position": 0,
                        "children": [
                            {
                                "code": "HAT",
                                "name": "Hats",
                                "slug": "hats",
                                "description": "@string@",
                                "position": 1,
                                "children": [],
                                "images": []
                            }
                        ],
                        "images": []
                    },
                    "BRAND": {
                        "code": "BRAND",
                        "name": "Brands",
                        "slug": "brands",
                        "description": "@string@",
                        "position": 1,
                        "children": [],
                        "images": []
                    }
                },
                "variants": [
                    {
                        "code": "SMALL_RED_LOGAN_HAT_CODE",
                        "name": "Small Red Logan Hat",
                        "axis": [
                            "HAT_SIZE_S",
                            "HAT_COLOR_RED"
                        ],
                        "nameAxis": {
                            "HAT_SIZE_S": "Size S",
                            "HAT_COLOR_RED": "Color Red"
                        },
                        "price": {
                            "current": 500
                        },
                        "images": [],
                        "appliedPromotions": []
                    }
                ],
                "attributes": [],
                "associations": [],
                "images": [],
                "_links": {
                    "self": {
                        "href": "\/shop-api\/products\/logan-hat"
                    }
                }
            }
        }
    ],
    "totals": {
        "total": 7497,
        "items": 7497,
        "taxes": 0,
        "shipping": 0,
        "promotion": 0
    },
    "payments": [],
    "shipments": []
}
