{
    "tokenValue": "SDAOSLEFNWU35H3QLI5325",
    "channel": "WEB_GB",
    "currency": "GBP",
    "locale": "en_GB",
    "checkoutState": "cart",
    "items": [
        {
            "id": 1,
            "quantity": 5,
            "total": 9995,
            "product": {
                "code": "LOGAN_MUG_CODE",
                "name": "Logan Mug",
                "slug": "logan-mug",
                "taxons": {
                    "MUG": {
                        "code": "CATEGORY",
                        "name": "Categories",
                        "slug": "categories",
                        "description": "@string@",
                        "position": 0,
                        "children": [
                            {
                                "code": "MUG",
                                "name": "Mugs",
                                "slug": "mugs",
                                "description": "@string@",
                                "position": 0,
                                "children": [],
                                "images": []
                            }
                        ],
                        "images": []
                    },
                    "BRAND": {
                        "code": "BRAND",
                        "name": "Brands",
                        "slug": "brands",
                        "description": "@string@",
                        "position": 1,
                        "children": [],
                        "images": []
                    }
                },
                "variants": [
                    {
                        "code": "LOGAN_MUG_CODE",
                        "name": "Logan Mug",
                        "axis": [],
                        "nameAxis": {},
                        "price": {
                            "current": 1999
                        },
                        "images": [],
                        "appliedPromotions": []
                    }
                ],
                "attributes": [
                    {
                        "code": "MUG_MATERIAL_CODE",
                        "name": "Mug material",
                        "value": "Wood"
                    }
                ],
                "associations": [],
                "images": [
                    {
                        "code": "thumbnail",
                        "path": "\/uo\/mug.jpg"
                    }
                ],
                "_links": {
                    "self": {
                        "href": "\/shop-api\/products\/logan-mug"
                    }
                }
            }
        }
    ],
    "totals": {
        "total": 9995,
        "items": 9995,
        "taxes": 0,
        "shipping": 0,
        "promotion": 0
    },
    "payments": [],
    "shipments": []
}
