{
    "tokenValue": "SDAOSLEFNWU35H3QLI5325",
    "channel": "WEB_GB",
    "currency": "GBP",
    "locale": "en_GB",
    "checkoutState": "cart",
    "items": [
        {
            "id": 1,
            "quantity": 3,
            "unitPrice": 1999,
            "total": 5997,
            "product": {
                "code": "LOGAN_T_SHIRT_CODE",
                "name": "Logan T-Shirt",
                "images": [
                    {
                        "code": "thumbnail",
                        "url": {
                            "http": "http://sylius.demo/img/t-shirt.jpg"
                        }
                    }
                ]
            },
            "variant": {
                "code": "SMALL_LOGAN_T_SHIRT_CODE",
                "name": "Small Logan T-Shirt",
                "images": [
                    {
                        "code": "thumbnail",
                        "url": {
                            "http": "http://sylius.demo/img/t-shirt.jpg"
                        }
                    }
                ],
                "options": []
            }
        },
        {
            "id": 2,
            "quantity": 3,
            "unitPrice": 500,
            "total": 1500,
            "product": {
                "code": "LOGAN_HAT_CODE",
                "name": "Logan Hat",
                "images": [
                    {
                        "code": "thumbnail",
                        "url": {
                            "http": "http://sylius.demo/img/t-shirt.jpg"
                        }
                    }
                ]
            },
            "variant": {
                "code": "SMALL_LOGAN_HAT_CODE",
                "name": "Small Logan Hat",
                "images": [
                    {
                        "code": "thumbnail",
                        "url": {
                            "http": "http://sylius.demo/img/t-shirt.jpg"
                        }
                    }
                ],
                "options": {
                    "SMALL_CODE": {
                        "name": "size",
                        "value": {
                            "code": "HAT_SIZE_S",
                            "value": "Size S"
                        }
                    }
                }
            }
        }
    ],
    "totals": {
        "items": 7497,
        "taxes": 0,
        "shipping": 0,
        "promotion": 0
    },
    "payments": [],
    "shipments": []
}
