{
    "tokenValue": "SDAOSLEFNWU35H3QLI5325",
    "channel": "WEB_DE",
    "currency": "EUR",
    "locale": "de_DE",
    "checkoutState": "cart",
    "items": [
        {
            "id": 1,
            "quantity": 3,
            "total": 1770,
            "product": {
                "code": "LOGAN_HAT_CODE",
                "name": "Logan Hut",
                "slug": "logan-hut",
                "taxons": [
                    "CATEGORY",
                    "HAT"
                ],
                "variants": [
                    {
                        "code": "SMALL_RED_LOGAN_HAT_CODE",
                        "name": "Klein Rot Logan Hut",
                        "axis": [
                            "HAT_SIZE_S",
                            "HAT_COLOR_RED"
                        ],
                        "name_axis": {
                            "HAT_SIZE_S": "Gr\u00f6\u00dfe S",
                            "HAT_COLOR_RED": "Farbe Rot"
                        },
                        "price": {
                            "current": 590
                        },
                        "images": [],
                        "applied_promotions": []
                    }
                ],
                "attributes": [],
                "associations": [],
                "images": [],
                "_links": {
                    "self": {
                        "href": "\/shop-api\/products\/logan-hut"
                    }
                }
            }
        }
    ],
    "totals": {
        "total": 1770,
        "items": 1770,
        "taxes": 0,
        "shipping": 0,
        "promotion": 0
    },
    "payments": [],
    "shipments": []
}
