{
    "tokenValue": "SDAOSLEFNWU35H3QLI5325",
    "channel": "WEB_DE",
    "currency": "EUR",
    "locale": "de_DE",
    "checkoutState": "cart",
    "items": [
        {
            "id": 1,
            "quantity": 5,
            "total": 10495,
            "product": {
                "code": "LOGAN_MUG_CODE",
                "name": "Logan Becher",
                "slug": "logan-becher",
                "taxons": [
                    "CATEGORY",
                    "MUG"
                ],
                "variants": [
                    {
                        "code": "LOGAN_MUG_CODE",
                        "name": "Logan Becher",
                        "axis": [],
                        "name_axis": {},
                        "price": {
                            "current": 2099
                        },
                        "images": [],
                        "applied_promotions": []
                    }
                ],
                "attributes": [],
                "associations": [],
                "images": [
                    {
                        "code": "thumbnail",
                        "url": "http:\/\/localhost\/media\/cache\/resolve\/sylius_small\/uo\/mug.jpg"
                    }
                ],
                "_links": {
                    "self": {
                        "href": "\/shop-api\/products\/logan-becher"
                    }
                }
            }
        }
    ],
    "totals": {
        "total": 10495,
        "items": 10495,
        "taxes": 0,
        "shipping": 0,
        "promotion": 0
    },
    "payments": [],
    "shipments": []
}
