{
    "code": 404,
    "message": "Variant not found for given configuration"
}
