{
    "code": 400,
    "message": "Cart with given token already exists"
}
