{
    "code": 400,
    "message": "Validation failed",
    "errors": {
        "product": [
            "sylius.shop_api.product.not_null",
            "sylius.shop_api.product.exists"
        ]
    }
}
