{
    "code": 400,
    "message": "Validation failed",
    "errors": {
        "channel": [
            "sylius.shop_api.channel.not_exists"
        ]
    }
}
