{
    "code": 400,
    "message": "Validation failed",
    "errors": {
        "id": [
            "sylius.shop_api.cart_item.not_exists"
        ]
    }
}
