{
    "code": 400,
    "message": "Validation failed",
    "errors": {
        "token": [
            "Warenkorb existiert nicht."
        ]
    }
}
