{
    "code": 400,
    "message": "Validation failed",
    "errors": {
        "variant": [
            "sylius.shop_api.product_variant.exists"
        ]
    }
}
