{
    "firstName": "Olivier",
    "lastName": "Queen",
    "email": "oliver@queen.com"
}
