[
    {
        "code": "CATEGORY",
        "name": "Categories",
        "slug": "categories",
        "description": "@string@",
        "position": 0,
        "children": [
            {
                "code": "MUG",
                "name": "Mugs",
                "slug": "mugs",
                "description": "@string@",
                "position": 0,
                "children": [],
                "images": []
            },
            {
                "code": "HAT",
                "name": "Hats",
                "slug": "hats",
                "description": "@string@",
                "position": 1,
                "children": [],
                "images": []
            },
            {
                "code": "T_SHIRTS",
                "name": "T-Shirts",
                "slug": "t-shirts",
                "description": "@string@",
                "position": 2,
                "children": [
                    {
                        "code": "MEN_T_SHIRTS",
                        "name": "Men T-Shirts",
                        "slug": "men-t-shirts",
                        "description": "@string@",
                        "position": 0,
                        "children": [],
                        "images": []
                    },
                    {
                        "code": "WOMEN_T_SHIRTS",
                        "name": "Women T-Shirts",
                        "slug": "women-t-shirts",
                        "description": "@string@",
                        "position": 1,
                        "children": [],
                        "images": []
                    }
                ],
                "images": [
                    {
                        "code": "thumbnail",
                        "path": "\/uo\/t-shirt.jpg"
                    }
                ]
            }
        ],
        "images": []
    }
]
