{
    "shipments": [
        {
            "DHL": {
                "code": "DHL",
                "name": "DHL",
                "description": "@string@",
                "price": 1500
            }
        }
    ]
}
